#
# A fatal error has been detected by the Java Runtime Environment:
#
#  EXCEPTION_ACCESS_VIOLATION (0xc0000005) at pc=0x00007ffea2d07a32, pid=9968, tid=11396
#
# JRE version: OpenJDK Runtime Environment (20.0.2+9) (build 20.0.2+9-78)
# Java VM: OpenJDK 64-Bit Server VM (20.0.2+9-78, mixed mode, sharing, tiered, compressed oops, compressed class ptrs, g1 gc, windows-amd64)
# Problematic frame:
# C  [igxelpicd64.dll+0xa7a32]
#
# No core dump will be written. Minidumps are not enabled by default on client versions of Windows
#
# If you would like to submit a bug report, please visit:
#   https://bugreport.java.com/bugreport/crash.jsp
#

---------------  S U M M A R Y ------------

Command Line: -javaagent:C:\Program Files\JetBrains\IntelliJ IDEA Community Edition 2023.2\lib\idea_rt.jar=52704:C:\Program Files\JetBrains\IntelliJ IDEA Community Edition 2023.2\bin -Dfile.encoding=UTF-8 -Dsun.stdout.encoding=UTF-8 -Dsun.stderr.encoding=UTF-8 ShadowDance

Host: 11th Gen Intel(R) Core(TM) i7-11800H @ 2.30GHz, 16 cores, 15G,  Windows 11 , 64 bit Build 22621 (10.0.22621.2215)
Time: Thu Oct 12 13:37:17 2023 AUS Eastern Daylight Time elapsed time: 1.979406 seconds (0d 0h 0m 1s)

---------------  T H R E A D  ---------------

Current thread (0x000001b21b6fcc00):  VMThread "VM Thread" [stack: 0x00000089dea00000,0x00000089deb00000] [id=11396]

Stack: [0x00000089dea00000,0x00000089deb00000],  sp=0x00000089deafe5e0,  free space=1017k
Native frames: (J=compiled Java code, j=interpreted, Vv=VM code, C=native code)
C  [igxelpicd64.dll+0xa7a32]


siginfo: EXCEPTION_ACCESS_VIOLATION (0xc0000005), reading address 0x0000000000035898


Registers:
RAX=0x000001b26a5fd130, RBX=0x000001b26a5fcfe0, RCX=0x0000000000000000, RDX=0x00000000fffffff1
RSP=0x00000089deafe5e0, RBP=0x0000000000000000, RSI=0x000001b26a5fd5b0, RDI=0x000001b2612e9830
R8 =0x0000000000000014, R9 =0x0000000000000001, R10=0x0000000000000000, R11=0x0000000000000246
R12=0x000001b261272a00, R13=0x000001b26a5fb5a0, R14=0x0000000000001900, R15=0x0000000000000016
RIP=0x00007ffea2d07a32, EFLAGS=0x0000000000010206


Register to memory mapping:

RIP=0x00007ffea2d07a32 igxelpicd64.dll
RAX=0x000001b26a5fd130 points into unknown readable memory: 0x00000000000019e0 | e0 19 00 00 00 00 00 00
RBX=0x000001b26a5fcfe0 points into unknown readable memory: 0x000001b260de6b40 | 40 6b de 60 b2 01 00 00
RCX=0x0 is NULL
RDX=0x00000000fffffff1 is an unknown value
RSP=0x00000089deafe5e0 points into unknown readable memory: 0x000001b260dfc540 | 40 c5 df 60 b2 01 00 00
RBP=0x0 is NULL
RSI=0x000001b26a5fd5b0 points into unknown readable memory: 0x000001b26a5fb5a0 | a0 b5 5f 6a b2 01 00 00
RDI=0x000001b2612e9830 points into unknown readable memory: 0x000001b279440100 | 00 01 44 79 b2 01 00 00
R8 =0x0000000000000014 is an unknown value
R9 =0x0000000000000001 is an unknown value
R10=0x0 is NULL
R11=0x0000000000000246 is an unknown value
R12=0x000001b261272a00 points into unknown readable memory: 0x00007ffea37af8c0 | c0 f8 7a a3 fe 7f 00 00
R13=0x000001b26a5fb5a0 points into unknown readable memory: 0x000001b260de6b40 | 40 6b de 60 b2 01 00 00
R14=0x0000000000001900 is an unknown value
R15=0x0000000000000016 is an unknown value


Top of Stack: (sp=0x00000089deafe5e0)
0x00000089deafe5e0:   000001b260dfc540 0000000000000000
0x00000089deafe5f0:   0000000000000000 00007fff69992d94
0x00000089deafe600:   0000000000000000 00007fff69985391
0x00000089deafe610:   0000000000000000 00007fff69985391
0x00000089deafe620:   0000000000000010 00000000000019e1
0x00000089deafe630:   0000b80233c40000 000001b261272ad8
0x00000089deafe640:   0000000000000000 0000000000000000
0x00000089deafe650:   00000089deafe760 00007ffea2ced5df
0x00000089deafe660:   000001b260dfc540 000001b2612e9830
0x00000089deafe670:   00000089dde75000 00007fff6990d800
0x00000089deafe680:   0000008900001820 00007fff00000000
0x00000089deafe690:   0000000000000000 00007fff6990d474
0x00000089deafe6a0:   000001b2792c0b48 00000000000000c0
0x00000089deafe6b0:   000001b2792c0b60 000001b2792c0b1c
0x00000089deafe6c0:   00000089deafe7d8 00000089deafea18
0x00000089deafe6d0:   00000089dde60000 00007fff6990d8d6
0x00000089deafe6e0:   000001b2792b0000 0000000000000002
0x00000089deafe6f0:   0000000200000101 000001b26123db80
0x00000089deafe700:   000001b2644c0000 0000000000000060
0x00000089deafe710:   0000b80233c40000 0000000000001820
0x00000089deafe720:   0000000000000000 4000250000000001
0x00000089deafe730:   0000000000000000 0000000000000000
0x00000089deafe740:   0000000000000000 0000000000000000
0x00000089deafe750:   0000000000000000 0000000000000000
0x00000089deafe760:   0000000000000000 0000000000000000
0x00000089deafe770:   0000000000000000 0000000000000000
0x00000089deafe780:   0000000000000000 0000000000000000
0x00000089deafe790:   0000000000000000 0000000000000000
0x00000089deafe7a0:   0000000000000000 0000000000000000
0x00000089deafe7b0:   0000000000000000 0000000000000000
0x00000089deafe7c0:   0000000000000000 0000000000000000
0x00000089deafe7d0:   0000000000000000 0000000000000000 

Instructions: (pc=0x00007ffea2d07a32)
0x00007ffea2d07932:   8b fa 48 8b e9 48 8b 1d 92 c4 f1 00 48 89 58 08
0x00007ffea2d07942:   48 8b cb ff 15 dd 48 a9 00 90 4c 8b af 78 02 00
0x00007ffea2d07952:   00 48 8b 05 c6 69 e1 00 44 8b b8 a0 0b 00 00 45
0x00007ffea2d07962:   33 d2 45 8a f2 4c 89 97 78 02 00 00 44 89 97 80
0x00007ffea2d07972:   02 00 00 4c 89 97 a0 02 00 00 4c 89 97 88 02 00
0x00007ffea2d07982:   00 48 85 ed 75 38 8b 35 22 9e f1 00 65 48 8b 04
0x00007ffea2d07992:   25 58 00 00 00 b9 14 00 00 00 48 8b 04 f0 44 38
0x00007ffea2d079a2:   14 01 0f 84 86 98 94 00 65 48 8b 04 25 58 00 00
0x00007ffea2d079b2:   00 bd 20 00 00 00 48 8b 04 f0 48 8b 2c 28 48 3b
0x00007ffea2d079c2:   2d 79 ab f1 00 45 0f 44 fa 4d 85 ed 0f 84 2b 01
0x00007ffea2d079d2:   00 00 44 8a a4 24 90 00 00 00 49 8b dd 49 8d b5
0x00007ffea2d079e2:   d0 05 00 00 4c 8b 2e 45 84 e4 0f 85 39 03 00 00
0x00007ffea2d079f2:   44 8b 8f c8 01 00 00 48 8b 05 20 69 e1 00 83 b8
0x00007ffea2d07a02:   70 03 00 00 02 75 36 41 8d 51 f0 41 83 f9 10 0f
0x00007ffea2d07a12:   83 2d 01 00 00 4a 8d 04 cd 21 00 00 00 49 03 c1
0x00007ffea2d07a22:   48 8d 04 c3 48 85 c0 0f 85 03 01 00 00 49 8b ca
0x00007ffea2d07a32:   48 3b 8d 98 58 03 00 0f 87 fe 97 94 00 48 8d 93
0x00007ffea2d07a42:   08 01 00 00 4c 39 93 48 06 00 00 0f 85 69 99 94
0x00007ffea2d07a52:   00 44 8b 9f c8 01 00 00 48 8b 87 e0 01 00 00 4c
0x00007ffea2d07a62:   8b 10 44 8b 87 c8 01 00 00 41 83 f8 10 0f 83 fc
0x00007ffea2d07a72:   00 00 00 4b 8d 0c c0 48 8d 04 ca 48 85 c0 0f 85
0x00007ffea2d07a82:   b5 00 00 00 33 c9 49 3b ca 0f 86 11 01 00 00 45
0x00007ffea2d07a92:   33 d2 48 8b 87 78 02 00 00 48 89 06 48 89 9f 78
0x00007ffea2d07aa2:   02 00 00 ff 87 80 02 00 00 48 8b 43 08 48 8b 88
0x00007ffea2d07ab2:   18 01 00 00 48 81 e1 00 00 ff ff 48 81 c1 00 00
0x00007ffea2d07ac2:   01 00 48 01 8f 88 02 00 00 48 8b 43 08 48 8b 88
0x00007ffea2d07ad2:   18 01 00 00 48 01 8f a0 02 00 00 4d 85 ed 0f 85
0x00007ffea2d07ae2:   f6 fe ff ff 45 84 f6 44 8a a4 24 98 00 00 00 0f
0x00007ffea2d07af2:   85 11 99 94 00 48 8b 9c 24 80 00 00 00 48 8b cf
0x00007ffea2d07b02:   45 84 e4 0f 85 30 02 00 00 e8 d0 fa ff ff 90 48
0x00007ffea2d07b12:   8b cb 48 8b 9c 24 88 00 00 00 48 83 c4 40 41 5f
0x00007ffea2d07b22:   41 5e 41 5d 41 5c 5f 5e 5d 48 ff 25 ee 46 a9 00 


Stack slot to memory mapping:
stack at sp + 0 slots: 0x000001b260dfc540 points into unknown readable memory: 0xffffffffffffffff | ff ff ff ff ff ff ff ff
stack at sp + 1 slots: 0x0 is NULL
stack at sp + 2 slots: 0x0 is NULL
stack at sp + 3 slots: 0x00007fff69992d94 ntdll.dll
stack at sp + 4 slots: 0x0 is NULL
stack at sp + 5 slots: 0x00007fff69985391 ntdll.dll
stack at sp + 6 slots: 0x0 is NULL
stack at sp + 7 slots: 0x00007fff69985391 ntdll.dll

VM_Operation (0x00000089de4feba0): Exit, mode: safepoint, requested by thread 0x000001b27b6bb830


---------------  P R O C E S S  ---------------

Threads class SMR info:
_java_thread_list=0x000001b2614b40f0, length=17, elements={
0x000001b27b6bb830, 0x000001b21b71b250, 0x000001b21b71c050, 0x000001b21b71d2d0,
0x000001b21b722230, 0x000001b21b722ee0, 0x000001b21b72e280, 0x000001b260920090,
0x000001b260920a10, 0x000001b21b6e7740, 0x000001b260a10670, 0x000001b260a14c10,
0x000001b260af2a90, 0x000001b260bdeba0, 0x000001b26a5c42c0, 0x000001b26a5628f0,
0x000001b260baaf60
}

Java Threads: ( => current thread )
  0x000001b27b6bb830 JavaThread "main" [_thread_blocked, id=32568, stack(0x00000089de400000,0x00000089de500000)]
  0x000001b21b71b250 JavaThread "Reference Handler" daemon [_thread_blocked, id=26592, stack(0x00000089deb00000,0x00000089dec00000)]
  0x000001b21b71c050 JavaThread "Finalizer" daemon [_thread_blocked, id=30608, stack(0x00000089dec00000,0x00000089ded00000)]
  0x000001b21b71d2d0 JavaThread "Signal Dispatcher" daemon [_thread_blocked, id=31220, stack(0x00000089ded00000,0x00000089dee00000)]
  0x000001b21b722230 JavaThread "Attach Listener" daemon [_thread_blocked, id=29912, stack(0x00000089dee00000,0x00000089def00000)]
  0x000001b21b722ee0 JavaThread "Service Thread" daemon [_thread_blocked, id=16528, stack(0x00000089def00000,0x00000089df000000)]
  0x000001b21b72e280 JavaThread "Monitor Deflation Thread" daemon [_thread_blocked, id=17356, stack(0x00000089df000000,0x00000089df100000)]
  0x000001b260920090 JavaThread "C2 CompilerThread0" daemon [_thread_blocked, id=24064, stack(0x00000089df100000,0x00000089df200000)]
  0x000001b260920a10 JavaThread "C1 CompilerThread0" daemon [_thread_blocked, id=13736, stack(0x00000089df200000,0x00000089df300000)]
  0x000001b21b6e7740 JavaThread "Common-Cleaner" daemon [_thread_blocked, id=30556, stack(0x00000089df300000,0x00000089df400000)]
  0x000001b260a10670 JavaThread "C1 CompilerThread1" daemon [_thread_blocked, id=16964, stack(0x00000089df400000,0x00000089df500000)]
  0x000001b260a14c10 JavaThread "C1 CompilerThread2" daemon [_thread_blocked, id=26220, stack(0x00000089df500000,0x00000089df600000)]
  0x000001b260af2a90 JavaThread "Monitor Ctrl-Break" daemon [_thread_in_native, id=24696, stack(0x00000089df600000,0x00000089df700000)]
  0x000001b260bdeba0 JavaThread "Notification Thread" daemon [_thread_blocked, id=22312, stack(0x00000089df700000,0x00000089df800000)]
  0x000001b26a5c42c0 JavaThread "Java Sound Event Dispatcher" daemon [_thread_blocked, id=22400, stack(0x00000089e0200000,0x00000089e0300000)]
  0x000001b26a5628f0 JavaThread "Direct Clip" daemon [_thread_blocked, id=10924, stack(0x00000089e0500000,0x00000089e0600000)]
  0x000001b260baaf60 JavaThread "C1 CompilerThread3" daemon [_thread_blocked, id=26212, stack(0x00000089e0600000,0x00000089e0700000)]

Other Threads:
=>0x000001b21b6fcc00 VMThread "VM Thread" [stack: 0x00000089dea00000,0x00000089deb00000] [id=11396]
  0x000001b27b72def0 WorkerThread "GC Thread#0" [stack: 0x00000089de500000,0x00000089de600000] [id=32368]
  0x000001b27b73eaf0 ConcurrentGCThread "G1 Main Marker" terminated
  0x000001b27b73f520 WorkerThread "G1 Conc#0" [stack: 0x00000089de700000,0x00000089de800000] [id=32316]
  0x000001b21b5bd580 ConcurrentGCThread "G1 Refine#0" terminated
  0x000001b21b5be020 ConcurrentGCThread "G1 Service" terminated

Threads with active compile tasks:

VM state: at safepoint (shutting down)

VM Mutex/Monitor currently owned by a thread:  ([mutex/lock_event])
[0x000001b27b6b5d00] Threads_lock - owner thread: 0x000001b21b6fcc00
[0x000001b27b6b6060] Heap_lock - owner thread: 0x000001b27b6bb830

Heap address: 0x0000000704a00000, size: 4022 MB, Compressed Oops mode: Zero based, Oop shift amount: 3

CDS archive(s) mapped at: [0x000001b21b800000-0x000001b21c460000-0x000001b21c460000), size 12976128, SharedBaseAddress: 0x000001b21b800000, ArchiveRelocationMode: 1.
Compressed class space mapped at: 0x000001b21c800000-0x000001b25c800000, reserved size: 1073741824
Narrow klass base: 0x000001b21b800000, Narrow klass shift: 0, Narrow klass range: 0x100000000

GC Precious Log:
 CardTable entry size: 512
 Card Set container configuration: InlinePtr #cards 4 size 8 Array Of Cards #cards 16 size 48 Howl #buckets 8 coarsen threshold 3686 Howl Bitmap #cards 512 size 80 coarsen threshold 460 Card regions per heap region 1 cards per card region 4096
 CPUs: 16 total, 16 available
 Memory: 16085M
 Large Page Support: Disabled
 NUMA Support: Disabled
 Compressed Oops: Enabled (Zero based)
 Heap Region Size: 2M
 Heap Min Capacity: 8M
 Heap Initial Capacity: 252M
 Heap Max Capacity: 4022M
 Pre-touch: Disabled
 Parallel Workers: 13
 Concurrent Workers: 3
 Concurrent Refinement Workers: 13
 Periodic GC: Disabled

Heap:
 garbage-first heap   total 258048K, used 16384K [0x0000000704a00000, 0x0000000800000000)
  region size 2048K, 7 young (14336K), 0 survivors (0K)
 Metaspace       used 5188K, committed 5440K, reserved 1114112K
  class space    used 346K, committed 448K, reserved 1048576K

Heap Regions: E=young(eden), S=young(survivor), O=old, HS=humongous(starts), HC=humongous(continues), CS=collection set, F=free, OA=open archive, CA=closed archive, TAMS=top-at-mark-start, PB=parsable bottom
|   0|0x0000000704a00000, 0x0000000704c00000, 0x0000000704c00000|100%|HS|  |TAMS 0x0000000704a00000| PB 0x0000000704a00000| Complete 
|   1|0x0000000704c00000, 0x0000000704e00000, 0x0000000704e00000|100%|HC|  |TAMS 0x0000000704c00000| PB 0x0000000704c00000| Complete 
|   2|0x0000000704e00000, 0x0000000704e00000, 0x0000000705000000|  0%| F|  |TAMS 0x0000000704e00000| PB 0x0000000704e00000| Untracked 
|   3|0x0000000705000000, 0x0000000705000000, 0x0000000705200000|  0%| F|  |TAMS 0x0000000705000000| PB 0x0000000705000000| Untracked 
|   4|0x0000000705200000, 0x0000000705200000, 0x0000000705400000|  0%| F|  |TAMS 0x0000000705200000| PB 0x0000000705200000| Untracked 
|   5|0x0000000705400000, 0x0000000705400000, 0x0000000705600000|  0%| F|  |TAMS 0x0000000705400000| PB 0x0000000705400000| Untracked 
|   6|0x0000000705600000, 0x0000000705600000, 0x0000000705800000|  0%| F|  |TAMS 0x0000000705600000| PB 0x0000000705600000| Untracked 
|   7|0x0000000705800000, 0x0000000705800000, 0x0000000705a00000|  0%| F|  |TAMS 0x0000000705800000| PB 0x0000000705800000| Untracked 
|   8|0x0000000705a00000, 0x0000000705a00000, 0x0000000705c00000|  0%| F|  |TAMS 0x0000000705a00000| PB 0x0000000705a00000| Untracked 
|   9|0x0000000705c00000, 0x0000000705c00000, 0x0000000705e00000|  0%| F|  |TAMS 0x0000000705c00000| PB 0x0000000705c00000| Untracked 
|  10|0x0000000705e00000, 0x0000000705e00000, 0x0000000706000000|  0%| F|  |TAMS 0x0000000705e00000| PB 0x0000000705e00000| Untracked 
|  11|0x0000000706000000, 0x0000000706000000, 0x0000000706200000|  0%| F|  |TAMS 0x0000000706000000| PB 0x0000000706000000| Untracked 
|  12|0x0000000706200000, 0x0000000706200000, 0x0000000706400000|  0%| F|  |TAMS 0x0000000706200000| PB 0x0000000706200000| Untracked 
|  13|0x0000000706400000, 0x0000000706400000, 0x0000000706600000|  0%| F|  |TAMS 0x0000000706400000| PB 0x0000000706400000| Untracked 
|  14|0x0000000706600000, 0x0000000706600000, 0x0000000706800000|  0%| F|  |TAMS 0x0000000706600000| PB 0x0000000706600000| Untracked 
|  15|0x0000000706800000, 0x0000000706800000, 0x0000000706a00000|  0%| F|  |TAMS 0x0000000706800000| PB 0x0000000706800000| Untracked 
|  16|0x0000000706a00000, 0x0000000706a00000, 0x0000000706c00000|  0%| F|  |TAMS 0x0000000706a00000| PB 0x0000000706a00000| Untracked 
|  17|0x0000000706c00000, 0x0000000706c00000, 0x0000000706e00000|  0%| F|  |TAMS 0x0000000706c00000| PB 0x0000000706c00000| Untracked 
|  18|0x0000000706e00000, 0x0000000706e00000, 0x0000000707000000|  0%| F|  |TAMS 0x0000000706e00000| PB 0x0000000706e00000| Untracked 
|  19|0x0000000707000000, 0x0000000707000000, 0x0000000707200000|  0%| F|  |TAMS 0x0000000707000000| PB 0x0000000707000000| Untracked 
|  20|0x0000000707200000, 0x0000000707200000, 0x0000000707400000|  0%| F|  |TAMS 0x0000000707200000| PB 0x0000000707200000| Untracked 
|  21|0x0000000707400000, 0x0000000707400000, 0x0000000707600000|  0%| F|  |TAMS 0x0000000707400000| PB 0x0000000707400000| Untracked 
|  22|0x0000000707600000, 0x0000000707600000, 0x0000000707800000|  0%| F|  |TAMS 0x0000000707600000| PB 0x0000000707600000| Untracked 
|  23|0x0000000707800000, 0x0000000707800000, 0x0000000707a00000|  0%| F|  |TAMS 0x0000000707800000| PB 0x0000000707800000| Untracked 
|  24|0x0000000707a00000, 0x0000000707a00000, 0x0000000707c00000|  0%| F|  |TAMS 0x0000000707a00000| PB 0x0000000707a00000| Untracked 
|  25|0x0000000707c00000, 0x0000000707c00000, 0x0000000707e00000|  0%| F|  |TAMS 0x0000000707c00000| PB 0x0000000707c00000| Untracked 
|  26|0x0000000707e00000, 0x0000000707e00000, 0x0000000708000000|  0%| F|  |TAMS 0x0000000707e00000| PB 0x0000000707e00000| Untracked 
|  27|0x0000000708000000, 0x0000000708000000, 0x0000000708200000|  0%| F|  |TAMS 0x0000000708000000| PB 0x0000000708000000| Untracked 
|  28|0x0000000708200000, 0x0000000708200000, 0x0000000708400000|  0%| F|  |TAMS 0x0000000708200000| PB 0x0000000708200000| Untracked 
|  29|0x0000000708400000, 0x0000000708400000, 0x0000000708600000|  0%| F|  |TAMS 0x0000000708400000| PB 0x0000000708400000| Untracked 
|  30|0x0000000708600000, 0x0000000708600000, 0x0000000708800000|  0%| F|  |TAMS 0x0000000708600000| PB 0x0000000708600000| Untracked 
|  31|0x0000000708800000, 0x0000000708800000, 0x0000000708a00000|  0%| F|  |TAMS 0x0000000708800000| PB 0x0000000708800000| Untracked 
|  32|0x0000000708a00000, 0x0000000708a00000, 0x0000000708c00000|  0%| F|  |TAMS 0x0000000708a00000| PB 0x0000000708a00000| Untracked 
|  33|0x0000000708c00000, 0x0000000708c00000, 0x0000000708e00000|  0%| F|  |TAMS 0x0000000708c00000| PB 0x0000000708c00000| Untracked 
|  34|0x0000000708e00000, 0x0000000708e00000, 0x0000000709000000|  0%| F|  |TAMS 0x0000000708e00000| PB 0x0000000708e00000| Untracked 
|  35|0x0000000709000000, 0x0000000709000000, 0x0000000709200000|  0%| F|  |TAMS 0x0000000709000000| PB 0x0000000709000000| Untracked 
|  36|0x0000000709200000, 0x0000000709200000, 0x0000000709400000|  0%| F|  |TAMS 0x0000000709200000| PB 0x0000000709200000| Untracked 
|  37|0x0000000709400000, 0x0000000709400000, 0x0000000709600000|  0%| F|  |TAMS 0x0000000709400000| PB 0x0000000709400000| Untracked 
|  38|0x0000000709600000, 0x0000000709600000, 0x0000000709800000|  0%| F|  |TAMS 0x0000000709600000| PB 0x0000000709600000| Untracked 
|  39|0x0000000709800000, 0x0000000709800000, 0x0000000709a00000|  0%| F|  |TAMS 0x0000000709800000| PB 0x0000000709800000| Untracked 
|  40|0x0000000709a00000, 0x0000000709a00000, 0x0000000709c00000|  0%| F|  |TAMS 0x0000000709a00000| PB 0x0000000709a00000| Untracked 
|  41|0x0000000709c00000, 0x0000000709c00000, 0x0000000709e00000|  0%| F|  |TAMS 0x0000000709c00000| PB 0x0000000709c00000| Untracked 
|  42|0x0000000709e00000, 0x0000000709e00000, 0x000000070a000000|  0%| F|  |TAMS 0x0000000709e00000| PB 0x0000000709e00000| Untracked 
|  43|0x000000070a000000, 0x000000070a000000, 0x000000070a200000|  0%| F|  |TAMS 0x000000070a000000| PB 0x000000070a000000| Untracked 
|  44|0x000000070a200000, 0x000000070a200000, 0x000000070a400000|  0%| F|  |TAMS 0x000000070a200000| PB 0x000000070a200000| Untracked 
|  45|0x000000070a400000, 0x000000070a400000, 0x000000070a600000|  0%| F|  |TAMS 0x000000070a400000| PB 0x000000070a400000| Untracked 
|  46|0x000000070a600000, 0x000000070a600000, 0x000000070a800000|  0%| F|  |TAMS 0x000000070a600000| PB 0x000000070a600000| Untracked 
|  47|0x000000070a800000, 0x000000070a800000, 0x000000070aa00000|  0%| F|  |TAMS 0x000000070a800000| PB 0x000000070a800000| Untracked 
|  48|0x000000070aa00000, 0x000000070aa00000, 0x000000070ac00000|  0%| F|  |TAMS 0x000000070aa00000| PB 0x000000070aa00000| Untracked 
|  49|0x000000070ac00000, 0x000000070ac00000, 0x000000070ae00000|  0%| F|  |TAMS 0x000000070ac00000| PB 0x000000070ac00000| Untracked 
|  50|0x000000070ae00000, 0x000000070ae00000, 0x000000070b000000|  0%| F|  |TAMS 0x000000070ae00000| PB 0x000000070ae00000| Untracked 
|  51|0x000000070b000000, 0x000000070b000000, 0x000000070b200000|  0%| F|  |TAMS 0x000000070b000000| PB 0x000000070b000000| Untracked 
|  52|0x000000070b200000, 0x000000070b200000, 0x000000070b400000|  0%| F|  |TAMS 0x000000070b200000| PB 0x000000070b200000| Untracked 
|  53|0x000000070b400000, 0x000000070b400000, 0x000000070b600000|  0%| F|  |TAMS 0x000000070b400000| PB 0x000000070b400000| Untracked 
|  54|0x000000070b600000, 0x000000070b600000, 0x000000070b800000|  0%| F|  |TAMS 0x000000070b600000| PB 0x000000070b600000| Untracked 
|  55|0x000000070b800000, 0x000000070b800000, 0x000000070ba00000|  0%| F|  |TAMS 0x000000070b800000| PB 0x000000070b800000| Untracked 
|  56|0x000000070ba00000, 0x000000070ba00000, 0x000000070bc00000|  0%| F|  |TAMS 0x000000070ba00000| PB 0x000000070ba00000| Untracked 
|  57|0x000000070bc00000, 0x000000070bc00000, 0x000000070be00000|  0%| F|  |TAMS 0x000000070bc00000| PB 0x000000070bc00000| Untracked 
|  58|0x000000070be00000, 0x000000070be00000, 0x000000070c000000|  0%| F|  |TAMS 0x000000070be00000| PB 0x000000070be00000| Untracked 
|  59|0x000000070c000000, 0x000000070c000000, 0x000000070c200000|  0%| F|  |TAMS 0x000000070c000000| PB 0x000000070c000000| Untracked 
|  60|0x000000070c200000, 0x000000070c200000, 0x000000070c400000|  0%| F|  |TAMS 0x000000070c200000| PB 0x000000070c200000| Untracked 
|  61|0x000000070c400000, 0x000000070c400000, 0x000000070c600000|  0%| F|  |TAMS 0x000000070c400000| PB 0x000000070c400000| Untracked 
|  62|0x000000070c600000, 0x000000070c600000, 0x000000070c800000|  0%| F|  |TAMS 0x000000070c600000| PB 0x000000070c600000| Untracked 
|  63|0x000000070c800000, 0x000000070c800000, 0x000000070ca00000|  0%| F|  |TAMS 0x000000070c800000| PB 0x000000070c800000| Untracked 
|  64|0x000000070ca00000, 0x000000070ca00000, 0x000000070cc00000|  0%| F|  |TAMS 0x000000070ca00000| PB 0x000000070ca00000| Untracked 
|  65|0x000000070cc00000, 0x000000070cc00000, 0x000000070ce00000|  0%| F|  |TAMS 0x000000070cc00000| PB 0x000000070cc00000| Untracked 
|  66|0x000000070ce00000, 0x000000070ce00000, 0x000000070d000000|  0%| F|  |TAMS 0x000000070ce00000| PB 0x000000070ce00000| Untracked 
|  67|0x000000070d000000, 0x000000070d000000, 0x000000070d200000|  0%| F|  |TAMS 0x000000070d000000| PB 0x000000070d000000| Untracked 
|  68|0x000000070d200000, 0x000000070d200000, 0x000000070d400000|  0%| F|  |TAMS 0x000000070d200000| PB 0x000000070d200000| Untracked 
|  69|0x000000070d400000, 0x000000070d400000, 0x000000070d600000|  0%| F|  |TAMS 0x000000070d400000| PB 0x000000070d400000| Untracked 
|  70|0x000000070d600000, 0x000000070d600000, 0x000000070d800000|  0%| F|  |TAMS 0x000000070d600000| PB 0x000000070d600000| Untracked 
|  71|0x000000070d800000, 0x000000070d800000, 0x000000070da00000|  0%| F|  |TAMS 0x000000070d800000| PB 0x000000070d800000| Untracked 
|  72|0x000000070da00000, 0x000000070da00000, 0x000000070dc00000|  0%| F|  |TAMS 0x000000070da00000| PB 0x000000070da00000| Untracked 
|  73|0x000000070dc00000, 0x000000070dc00000, 0x000000070de00000|  0%| F|  |TAMS 0x000000070dc00000| PB 0x000000070dc00000| Untracked 
|  74|0x000000070de00000, 0x000000070de00000, 0x000000070e000000|  0%| F|  |TAMS 0x000000070de00000| PB 0x000000070de00000| Untracked 
|  75|0x000000070e000000, 0x000000070e000000, 0x000000070e200000|  0%| F|  |TAMS 0x000000070e000000| PB 0x000000070e000000| Untracked 
|  76|0x000000070e200000, 0x000000070e200000, 0x000000070e400000|  0%| F|  |TAMS 0x000000070e200000| PB 0x000000070e200000| Untracked 
|  77|0x000000070e400000, 0x000000070e400000, 0x000000070e600000|  0%| F|  |TAMS 0x000000070e400000| PB 0x000000070e400000| Untracked 
|  78|0x000000070e600000, 0x000000070e600000, 0x000000070e800000|  0%| F|  |TAMS 0x000000070e600000| PB 0x000000070e600000| Untracked 
|  79|0x000000070e800000, 0x000000070e800000, 0x000000070ea00000|  0%| F|  |TAMS 0x000000070e800000| PB 0x000000070e800000| Untracked 
|  80|0x000000070ea00000, 0x000000070ea00000, 0x000000070ec00000|  0%| F|  |TAMS 0x000000070ea00000| PB 0x000000070ea00000| Untracked 
|  81|0x000000070ec00000, 0x000000070ec00000, 0x000000070ee00000|  0%| F|  |TAMS 0x000000070ec00000| PB 0x000000070ec00000| Untracked 
|  82|0x000000070ee00000, 0x000000070ee00000, 0x000000070f000000|  0%| F|  |TAMS 0x000000070ee00000| PB 0x000000070ee00000| Untracked 
|  83|0x000000070f000000, 0x000000070f000000, 0x000000070f200000|  0%| F|  |TAMS 0x000000070f000000| PB 0x000000070f000000| Untracked 
|  84|0x000000070f200000, 0x000000070f200000, 0x000000070f400000|  0%| F|  |TAMS 0x000000070f200000| PB 0x000000070f200000| Untracked 
|  85|0x000000070f400000, 0x000000070f400000, 0x000000070f600000|  0%| F|  |TAMS 0x000000070f400000| PB 0x000000070f400000| Untracked 
|  86|0x000000070f600000, 0x000000070f600000, 0x000000070f800000|  0%| F|  |TAMS 0x000000070f600000| PB 0x000000070f600000| Untracked 
|  87|0x000000070f800000, 0x000000070f800000, 0x000000070fa00000|  0%| F|  |TAMS 0x000000070f800000| PB 0x000000070f800000| Untracked 
|  88|0x000000070fa00000, 0x000000070fa00000, 0x000000070fc00000|  0%| F|  |TAMS 0x000000070fa00000| PB 0x000000070fa00000| Untracked 
|  89|0x000000070fc00000, 0x000000070fc00000, 0x000000070fe00000|  0%| F|  |TAMS 0x000000070fc00000| PB 0x000000070fc00000| Untracked 
|  90|0x000000070fe00000, 0x000000070fe00000, 0x0000000710000000|  0%| F|  |TAMS 0x000000070fe00000| PB 0x000000070fe00000| Untracked 
|  91|0x0000000710000000, 0x0000000710000000, 0x0000000710200000|  0%| F|  |TAMS 0x0000000710000000| PB 0x0000000710000000| Untracked 
|  92|0x0000000710200000, 0x0000000710200000, 0x0000000710400000|  0%| F|  |TAMS 0x0000000710200000| PB 0x0000000710200000| Untracked 
|  93|0x0000000710400000, 0x0000000710400000, 0x0000000710600000|  0%| F|  |TAMS 0x0000000710400000| PB 0x0000000710400000| Untracked 
|  94|0x0000000710600000, 0x0000000710600000, 0x0000000710800000|  0%| F|  |TAMS 0x0000000710600000| PB 0x0000000710600000| Untracked 
|  95|0x0000000710800000, 0x0000000710800000, 0x0000000710a00000|  0%| F|  |TAMS 0x0000000710800000| PB 0x0000000710800000| Untracked 
|  96|0x0000000710a00000, 0x0000000710a00000, 0x0000000710c00000|  0%| F|  |TAMS 0x0000000710a00000| PB 0x0000000710a00000| Untracked 
|  97|0x0000000710c00000, 0x0000000710c00000, 0x0000000710e00000|  0%| F|  |TAMS 0x0000000710c00000| PB 0x0000000710c00000| Untracked 
|  98|0x0000000710e00000, 0x0000000710e00000, 0x0000000711000000|  0%| F|  |TAMS 0x0000000710e00000| PB 0x0000000710e00000| Untracked 
|  99|0x0000000711000000, 0x0000000711000000, 0x0000000711200000|  0%| F|  |TAMS 0x0000000711000000| PB 0x0000000711000000| Untracked 
| 100|0x0000000711200000, 0x0000000711200000, 0x0000000711400000|  0%| F|  |TAMS 0x0000000711200000| PB 0x0000000711200000| Untracked 
| 101|0x0000000711400000, 0x0000000711400000, 0x0000000711600000|  0%| F|  |TAMS 0x0000000711400000| PB 0x0000000711400000| Untracked 
| 102|0x0000000711600000, 0x0000000711600000, 0x0000000711800000|  0%| F|  |TAMS 0x0000000711600000| PB 0x0000000711600000| Untracked 
| 103|0x0000000711800000, 0x0000000711800000, 0x0000000711a00000|  0%| F|  |TAMS 0x0000000711800000| PB 0x0000000711800000| Untracked 
| 104|0x0000000711a00000, 0x0000000711a00000, 0x0000000711c00000|  0%| F|  |TAMS 0x0000000711a00000| PB 0x0000000711a00000| Untracked 
| 105|0x0000000711c00000, 0x0000000711c00000, 0x0000000711e00000|  0%| F|  |TAMS 0x0000000711c00000| PB 0x0000000711c00000| Untracked 
| 106|0x0000000711e00000, 0x0000000711e00000, 0x0000000712000000|  0%| F|  |TAMS 0x0000000711e00000| PB 0x0000000711e00000| Untracked 
| 107|0x0000000712000000, 0x0000000712000000, 0x0000000712200000|  0%| F|  |TAMS 0x0000000712000000| PB 0x0000000712000000| Untracked 
| 108|0x0000000712200000, 0x0000000712200000, 0x0000000712400000|  0%| F|  |TAMS 0x0000000712200000| PB 0x0000000712200000| Untracked 
| 109|0x0000000712400000, 0x0000000712400000, 0x0000000712600000|  0%| F|  |TAMS 0x0000000712400000| PB 0x0000000712400000| Untracked 
| 110|0x0000000712600000, 0x0000000712600000, 0x0000000712800000|  0%| F|  |TAMS 0x0000000712600000| PB 0x0000000712600000| Untracked 
| 111|0x0000000712800000, 0x0000000712800000, 0x0000000712a00000|  0%| F|  |TAMS 0x0000000712800000| PB 0x0000000712800000| Untracked 
| 112|0x0000000712a00000, 0x0000000712a00000, 0x0000000712c00000|  0%| F|  |TAMS 0x0000000712a00000| PB 0x0000000712a00000| Untracked 
| 113|0x0000000712c00000, 0x0000000712c00000, 0x0000000712e00000|  0%| F|  |TAMS 0x0000000712c00000| PB 0x0000000712c00000| Untracked 
| 114|0x0000000712e00000, 0x0000000712e00000, 0x0000000713000000|  0%| F|  |TAMS 0x0000000712e00000| PB 0x0000000712e00000| Untracked 
| 115|0x0000000713000000, 0x0000000713000000, 0x0000000713200000|  0%| F|  |TAMS 0x0000000713000000| PB 0x0000000713000000| Untracked 
| 116|0x0000000713200000, 0x0000000713200000, 0x0000000713400000|  0%| F|  |TAMS 0x0000000713200000| PB 0x0000000713200000| Untracked 
| 117|0x0000000713400000, 0x0000000713400000, 0x0000000713600000|  0%| F|  |TAMS 0x0000000713400000| PB 0x0000000713400000| Untracked 
| 118|0x0000000713600000, 0x0000000713600000, 0x0000000713800000|  0%| F|  |TAMS 0x0000000713600000| PB 0x0000000713600000| Untracked 
| 119|0x0000000713800000, 0x0000000713952938, 0x0000000713a00000| 66%| E|  |TAMS 0x0000000713800000| PB 0x0000000713800000| Complete 
| 120|0x0000000713a00000, 0x0000000713c00000, 0x0000000713c00000|100%| E|CS|TAMS 0x0000000713a00000| PB 0x0000000713a00000| Complete 
| 121|0x0000000713c00000, 0x0000000713e00000, 0x0000000713e00000|100%| E|CS|TAMS 0x0000000713c00000| PB 0x0000000713c00000| Complete 
| 122|0x0000000713e00000, 0x0000000714000000, 0x0000000714000000|100%| E|CS|TAMS 0x0000000713e00000| PB 0x0000000713e00000| Complete 
| 123|0x0000000714000000, 0x0000000714200000, 0x0000000714200000|100%| E|CS|TAMS 0x0000000714000000| PB 0x0000000714000000| Complete 
| 124|0x0000000714200000, 0x0000000714400000, 0x0000000714400000|100%| E|CS|TAMS 0x0000000714200000| PB 0x0000000714200000| Complete 
| 125|0x0000000714400000, 0x0000000714600000, 0x0000000714600000|100%| E|CS|TAMS 0x0000000714400000| PB 0x0000000714400000| Complete 

Card table byte_map: [0x000001b27c7e0000,0x000001b27cfc0000] _byte_map_base: 0x000001b278fbb000

Marking Bits: (CMBitMap*) 0x000001b27b72e520
 Bits: [0x000001b217000000, 0x000001b21aed8000)

Polling page: 0x000001b279680000

Metaspace:

Usage:
  Non-class:      4.73 MB used.
      Class:    346.27 KB used.
       Both:      5.07 MB used.

Virtual space:
  Non-class space:       64.00 MB reserved,       4.88 MB (  8%) committed,  1 nodes.
      Class space:        1.00 GB reserved,     448.00 KB ( <1%) committed,  1 nodes.
             Both:        1.06 GB reserved,       5.31 MB ( <1%) committed. 

Chunk freelists:
   Non-Class:  1.49 MB
       Class:  3.56 MB
        Both:  5.05 MB

MaxMetaspaceSize: unlimited
CompressedClassSpaceSize: 1.00 GB
Initial GC threshold: 21.00 MB
Current GC threshold: 21.00 MB
CDS: on
MetaspaceReclaimPolicy: balanced
 - commit_granule_bytes: 65536.
 - commit_granule_words: 8192.
 - virtual_space_node_default_size: 8388608.
 - enlarge_chunks_in_place: 1.
 - new_chunks_are_fully_committed: 0.
 - uncommit_free_chunks: 1.
 - use_allocation_guard: 0.


Internal statistics:

num_allocs_failed_limit: 0.
num_arena_births: 146.
num_arena_deaths: 0.
num_vsnodes_births: 2.
num_vsnodes_deaths: 0.
num_space_committed: 83.
num_space_uncommitted: 0.
num_chunks_returned_to_freelist: 0.
num_chunks_taken_from_freelist: 273.
num_chunk_merges: 0.
num_chunk_splits: 178.
num_chunks_enlarged: 118.
num_inconsistent_stats: 0.

CodeHeap 'non-profiled nmethods': size=119168Kb used=311Kb max_used=311Kb free=118856Kb
 bounds [0x000001b20fba0000, 0x000001b20fe10000, 0x000001b217000000]
CodeHeap 'profiled nmethods': size=119104Kb used=1445Kb max_used=1445Kb free=117658Kb
 bounds [0x000001b208000000, 0x000001b208270000, 0x000001b20f450000]
CodeHeap 'non-nmethods': size=7488Kb used=4120Kb max_used=4135Kb free=3368Kb
 bounds [0x000001b20f450000, 0x000001b20f860000, 0x000001b20fba0000]
 total_blobs=2100 nmethods=1012 adapters=996
 compilation: enabled
              stopped_count=0, restarted_count=0
 full_count=0

Compilation events (20 events):
Event: 1.453 Thread 0x000001b260a14c10 1001       3       java.lang.invoke.DirectMethodHandle::maybeCompile (24 bytes)
Event: 1.453 Thread 0x000001b260a10670 1002       3       java.lang.invoke.LambdaForm$Name::<init> (19 bytes)
Event: 1.453 Thread 0x000001b260a14c10 nmethod 1001 0x000001b208165c10 code [0x000001b208165dc0, 0x000001b208165fd8]
Event: 1.453 Thread 0x000001b260a14c10 1004       3       jdk.internal.org.objectweb.asm.MethodWriter::visitInsn (115 bytes)
Event: 1.453 Thread 0x000001b260920090 1003       4       java.lang.invoke.MemberName::getReferenceKind (12 bytes)
Event: 1.453 Thread 0x000001b260a14c10 nmethod 1004 0x000001b208166110 code [0x000001b2081662e0, 0x000001b208166710]
Event: 1.453 Thread 0x000001b260a10670 nmethod 1002 0x000001b208166890 code [0x000001b208166aa0, 0x000001b208167168]
Event: 1.453 Thread 0x000001b260920090 nmethod 1003 0x000001b20fbed590 code [0x000001b20fbed700, 0x000001b20fbed790]
Event: 1.454 Thread 0x000001b260a14c10 1005       3       java.lang.ClassLoader::loadClass (7 bytes)
Event: 1.455 Thread 0x000001b260baaf60 1007       3       jdk.internal.loader.ClassLoaders$BootClassLoader::loadClassOrNull (10 bytes)
Event: 1.455 Thread 0x000001b260a10670 1006       3       jdk.internal.loader.BuiltinClassLoader::loadClass (22 bytes)
Event: 1.455 Thread 0x000001b260a14c10 nmethod 1005 0x000001b208167490 code [0x000001b208167620, 0x000001b2081677f0]
Event: 1.455 Thread 0x000001b260a10670 nmethod 1006 0x000001b208167890 code [0x000001b208167a40, 0x000001b208167cf0]
Event: 1.455 Thread 0x000001b260baaf60 nmethod 1007 0x000001b208167e10 code [0x000001b208167fc0, 0x000001b208168248]
Event: 1.455 Thread 0x000001b260baaf60 1008       3       jdk.internal.org.objectweb.asm.Type::getDescriptor (93 bytes)
Event: 1.455 Thread 0x000001b260baaf60 nmethod 1008 0x000001b208168390 code [0x000001b2081685c0, 0x000001b208168ca0]
Event: 1.456 Thread 0x000001b260baaf60 1009       3       java.lang.invoke.LambdaFormBuffer::ownedCount (7 bytes)
Event: 1.456 Thread 0x000001b260baaf60 nmethod 1009 0x000001b208168f90 code [0x000001b208169120, 0x000001b208169230]
Event: 1.461 Thread 0x000001b260920a10 1012       3       java.lang.invoke.DirectMethodHandle::internalMemberName (8 bytes)
Event: 1.461 Thread 0x000001b260920a10 nmethod 1012 0x000001b208169290 code [0x000001b208169420, 0x000001b208169610]

GC Heap History (0 events):
No events

Dll operation events (14 events):
Event: 0.006 Loaded shared library C:\Users\hadin\.jdks\openjdk-20.0.2\bin\java.dll
Event: 0.021 Loaded shared library C:\Users\hadin\.jdks\openjdk-20.0.2\bin\jsvml.dll
Event: 0.059 Loaded shared library C:\Users\hadin\.jdks\openjdk-20.0.2\bin\zip.dll
Event: 0.061 Loaded shared library C:\Users\hadin\.jdks\openjdk-20.0.2\bin\instrument.dll
Event: 0.064 Loaded shared library C:\Users\hadin\.jdks\openjdk-20.0.2\bin\net.dll
Event: 0.066 Loaded shared library C:\Users\hadin\.jdks\openjdk-20.0.2\bin\nio.dll
Event: 0.068 Loaded shared library C:\Users\hadin\.jdks\openjdk-20.0.2\bin\zip.dll
Event: 0.081 Loaded shared library C:\Program Files\JetBrains\IntelliJ IDEA Community Edition 2023.2\bin\breakgen64.dll
Event: 0.087 Loaded shared library C:\Users\hadin\.jdks\openjdk-20.0.2\bin\extnet.dll
Event: 0.106 Loaded shared library C:\Users\hadin\.jdks\openjdk-20.0.2\bin\jimage.dll
Event: 0.119 Loaded shared library C:\Users\hadin\AppData\Local\Temp\lwjglhadin\3.3.1-build-7\lwjgl.dll
Event: 0.249 Loaded shared library C:\Users\hadin\AppData\Local\Temp\lwjglhadin\3.3.1-build-7\lwjgl_opengl.dll
Event: 0.327 Loaded shared library C:\Users\hadin\AppData\Local\Temp\lwjglhadin\3.3.1-build-7\lwjgl_stb.dll
Event: 0.385 Loaded shared library C:\Users\hadin\.jdks\openjdk-20.0.2\bin\jsound.dll

Deoptimization events (20 events):
Event: 0.854 Thread 0x000001b27b6bb830 Uncommon trap: trap_request=0xffffff45 fr.pc=0x000001b20fbe05c8 relative=0x00000000000004a8
Event: 0.854 Thread 0x000001b27b6bb830 Uncommon trap: reason=unstable_if action=reinterpret pc=0x000001b20fbe05c8 method=java.lang.AbstractStringBuilder.inflateIfNeededFor(Ljava/lang/String;)V @ 14 c2
Event: 0.854 Thread 0x000001b27b6bb830 DEOPT PACKING pc=0x000001b20fbe05c8 sp=0x00000089de4fea10
Event: 0.854 Thread 0x000001b27b6bb830 DEOPT UNPACKING pc=0x000001b20f46d2a2 sp=0x00000089de4fe8b0 mode 2
Event: 0.854 Thread 0x000001b27b6bb830 Uncommon trap: trap_request=0xffffff45 fr.pc=0x000001b20fbd1a08 relative=0x0000000000000108
Event: 0.854 Thread 0x000001b27b6bb830 Uncommon trap: reason=unstable_if action=reinterpret pc=0x000001b20fbd1a08 method=java.lang.String.getBytes([BIB)V @ 5 c2
Event: 0.854 Thread 0x000001b27b6bb830 DEOPT PACKING pc=0x000001b20fbd1a08 sp=0x00000089de4fe930
Event: 0.854 Thread 0x000001b27b6bb830 DEOPT UNPACKING pc=0x000001b20f46d2a2 sp=0x00000089de4fe8d8 mode 2
Event: 1.019 Thread 0x000001b21b722230 Uncommon trap: trap_request=0xffffff45 fr.pc=0x000001b20fbcc000 relative=0x0000000000000140
Event: 1.019 Thread 0x000001b21b722230 Uncommon trap: reason=unstable_if action=reinterpret pc=0x000001b20fbcc000 method=java.util.regex.Pattern$BmpCharPropertyGreedy.match(Ljava/util/regex/Matcher;ILjava/lang/CharSequence;)Z @ 12 c2
Event: 1.019 Thread 0x000001b21b722230 DEOPT PACKING pc=0x000001b20fbcc000 sp=0x00000089deefe2d0
Event: 1.019 Thread 0x000001b21b722230 DEOPT UNPACKING pc=0x000001b20f46d2a2 sp=0x00000089deefe268 mode 2
Event: 1.029 Thread 0x000001b21b722230 Uncommon trap: trap_request=0xffffff45 fr.pc=0x000001b20fbe6950 relative=0x0000000000000150
Event: 1.029 Thread 0x000001b21b722230 Uncommon trap: reason=unstable_if action=reinterpret pc=0x000001b20fbe6950 method=java.util.concurrent.locks.ReentrantLock$NonfairSync.initialTryLock()Z @ 10 c2
Event: 1.029 Thread 0x000001b21b722230 DEOPT PACKING pc=0x000001b20fbe6950 sp=0x00000089deefec80
Event: 1.029 Thread 0x000001b21b722230 DEOPT UNPACKING pc=0x000001b20f46d2a2 sp=0x00000089deefec28 mode 2
Event: 1.029 Thread 0x000001b21b722230 Uncommon trap: trap_request=0xffffff45 fr.pc=0x000001b20fbe53d4 relative=0x00000000000000d4
Event: 1.029 Thread 0x000001b21b722230 Uncommon trap: reason=unstable_if action=reinterpret pc=0x000001b20fbe53d4 method=java.util.concurrent.locks.ReentrantLock$Sync.tryRelease(I)Z @ 26 c2
Event: 1.029 Thread 0x000001b21b722230 DEOPT PACKING pc=0x000001b20fbe53d4 sp=0x00000089deefec80
Event: 1.029 Thread 0x000001b21b722230 DEOPT UNPACKING pc=0x000001b20f46d2a2 sp=0x00000089deefec20 mode 2

Classes loaded (20 events):
Event: 1.023 Loading class java/time/Month
Event: 1.023 Loading class java/time/Month done
Event: 1.023 Loading class java/time/DayOfWeek
Event: 1.023 Loading class java/time/DayOfWeek done
Event: 1.023 Loading class java/time/zone/ZoneOffsetTransitionRule$TimeDefinition
Event: 1.024 Loading class java/time/zone/ZoneOffsetTransitionRule$TimeDefinition done
Event: 1.024 Loading class java/time/zone/ZoneOffsetTransition
Event: 1.024 Loading class java/time/zone/ZoneOffsetTransition done
Event: 1.025 Loading class sun/util/cldr/CLDRBaseLocaleDataMetaInfo$TZCanonicalIDMapHolder
Event: 1.025 Loading class sun/util/cldr/CLDRBaseLocaleDataMetaInfo$TZCanonicalIDMapHolder done
Event: 1.026 Loading class sun/util/resources/TimeZoneNames
Event: 1.027 Loading class sun/util/resources/TimeZoneNames done
Event: 1.027 Loading class sun/util/resources/TimeZoneNames_en
Event: 1.027 Loading class sun/util/resources/TimeZoneNames_en done
Event: 1.451 Loading class java/io/FileReader
Event: 1.451 Loading class java/io/FileReader done
Event: 1.463 Loading class java/lang/Throwable$WrappedPrintStream
Event: 1.463 Loading class java/lang/Throwable$PrintStreamOrWriter
Event: 1.463 Loading class java/lang/Throwable$PrintStreamOrWriter done
Event: 1.463 Loading class java/lang/Throwable$WrappedPrintStream done

Classes unloaded (0 events):
No events

Classes redefined (0 events):
No events

Internal exceptions (20 events):
Event: 0.130 Thread 0x000001b27b6bb830 Exception <a 'java/lang/NoSuchMethodError'{0x00000007141726e0}: 'int java.lang.invoke.DirectMethodHandle$Holder.invokeStaticInit(java.lang.Object, java.lang.Object, int, long)'> (0x00000007141726e0) 
thrown [s\open\src\hotspot\share\interpreter\linkResolver.cpp, line 773]
Event: 0.130 Thread 0x000001b27b6bb830 Exception <a 'java/lang/NoSuchMethodError'{0x0000000714177d18}: 'java.lang.Object java.lang.invoke.DirectMethodHandle$Holder.newInvokeSpecial(java.lang.Object, java.lang.Object, int)'> (0x0000000714177d18) 
thrown [s\open\src\hotspot\share\interpreter\linkResolver.cpp, line 773]
Event: 0.131 Thread 0x000001b27b6bb830 Exception <a 'java/lang/NoSuchMethodError'{0x0000000714186288}: 'int java.lang.invoke.DirectMethodHandle$Holder.invokeStaticInit(java.lang.Object, java.lang.Object, long, long)'> (0x0000000714186288) 
thrown [s\open\src\hotspot\share\interpreter\linkResolver.cpp, line 773]
Event: 0.132 Thread 0x000001b27b6bb830 Exception <a 'java/lang/NoSuchMethodError'{0x000000071418c0d0}: 'java.lang.Object java.lang.invoke.DirectMethodHandle$Holder.newInvokeSpecial(java.lang.Object, java.lang.Object, long)'> (0x000000071418c0d0) 
thrown [s\open\src\hotspot\share\interpreter\linkResolver.cpp, line 773]
Event: 0.132 Thread 0x000001b27b6bb830 Exception <a 'java/lang/NoSuchMethodError'{0x000000071418fe88}: 'java.lang.Object java.lang.invoke.Invokers$Holder.linkToTargetMethod(java.lang.Object, long, java.lang.Object)'> (0x000000071418fe88) 
thrown [s\open\src\hotspot\share\interpreter\linkResolver.cpp, line 773]
Event: 0.133 Thread 0x000001b27b6bb830 Exception <a 'java/lang/NoSuchMethodError'{0x0000000714196ec0}: 'int java.lang.invoke.DirectMethodHandle$Holder.invokeStaticInit(java.lang.Object, java.lang.Object, java.lang.Object, long)'> (0x0000000714196ec0) 
thrown [s\open\src\hotspot\share\interpreter\linkResolver.cpp, line 773]
Event: 0.244 Thread 0x000001b27b6bb830 Exception <a 'java/lang/NoSuchMethodError'{0x0000000713e2be90}: 'void java.lang.System.load(java.lang.String, java.lang.Class)'> (0x0000000713e2be90) 
thrown [s\open\src\hotspot\share\interpreter\linkResolver.cpp, line 773]
Event: 0.245 Thread 0x000001b27b6bb830 Exception <a 'java/lang/NoSuchMethodError'{0x0000000713e2ec78}: 'void java.lang.System.loadLibrary(java.lang.String, java.lang.Class)'> (0x0000000713e2ec78) 
thrown [s\open\src\hotspot\share\interpreter\linkResolver.cpp, line 773]
Event: 0.248 Thread 0x000001b27b6bb830 Exception <a 'sun/nio/fs/WindowsException'{0x0000000713e3e4d0}> (0x0000000713e3e4d0) 
thrown [s\open\src\hotspot\share\prims\jni.cpp, line 519]
Event: 0.248 Thread 0x000001b27b6bb830 Exception <a 'sun/nio/fs/WindowsException'{0x0000000713e3e878}> (0x0000000713e3e878) 
thrown [s\open\src\hotspot\share\prims\jni.cpp, line 519]
Event: 0.250 Thread 0x000001b27b6bb830 Exception <a 'sun/nio/fs/WindowsException'{0x0000000713e44198}> (0x0000000713e44198) 
thrown [s\open\src\hotspot\share\prims\jni.cpp, line 519]
Event: 0.250 Thread 0x000001b27b6bb830 Exception <a 'sun/nio/fs/WindowsException'{0x0000000713e44478}> (0x0000000713e44478) 
thrown [s\open\src\hotspot\share\prims\jni.cpp, line 519]
Event: 0.320 Thread 0x000001b27b6bb830 Exception <a 'java/lang/NoSuchMethodError'{0x0000000713c836c0}: 'void java.lang.System.load(java.lang.String, java.lang.Class)'> (0x0000000713c836c0) 
thrown [s\open\src\hotspot\share\interpreter\linkResolver.cpp, line 773]
Event: 0.321 Thread 0x000001b27b6bb830 Exception <a 'java/lang/NoSuchMethodError'{0x0000000713c864b0}: 'void java.lang.System.loadLibrary(java.lang.String, java.lang.Class)'> (0x0000000713c864b0) 
thrown [s\open\src\hotspot\share\interpreter\linkResolver.cpp, line 773]
Event: 0.325 Thread 0x000001b27b6bb830 Exception <a 'sun/nio/fs/WindowsException'{0x0000000713c96088}> (0x0000000713c96088) 
thrown [s\open\src\hotspot\share\prims\jni.cpp, line 519]
Event: 0.325 Thread 0x000001b27b6bb830 Exception <a 'sun/nio/fs/WindowsException'{0x0000000713c96408}> (0x0000000713c96408) 
thrown [s\open\src\hotspot\share\prims\jni.cpp, line 519]
Event: 0.877 Thread 0x000001b27b6bb830 Exception <a 'java/lang/NoSuchMethodError'{0x0000000713a8e198}: 'void java.lang.invoke.DirectMethodHandle$Holder.invokeVirtual(java.lang.Object, java.lang.Object)'> (0x0000000713a8e198) 
thrown [s\open\src\hotspot\share\interpreter\linkResolver.cpp, line 773]
Event: 1.028 Thread 0x000001b21b722230 Exception <a 'java/lang/NoSuchMethodError'{0x0000000713bc7490}: 'java.lang.Object java.lang.invoke.Invokers$Holder.invokeExact_MT(java.lang.Object, java.lang.Object, java.lang.Object, java.lang.Object, java.lang.Object, java.lang.Object)'> (0x0000000713bc7490) 
thrown [s\open\src\hotspot\share\interpreter\linkResolver.cpp, line 773]
Event: 1.450 Thread 0x000001b27b6bb830 Exception <a 'java/lang/NoSuchMethodError'{0x00000007138cd500}: 'void java.lang.invoke.DirectMethodHandle$Holder.invokeStatic(java.lang.Object, int, java.lang.Object)'> (0x00000007138cd500) 
thrown [s\open\src\hotspot\share\interpreter\linkResolver.cpp, line 773]
Event: 1.463 Thread 0x000001b27b6bb830 Exception <a 'java/lang/ClassCastException'{0x000000071390fd80}: class Lane cannot be cast to class SpecialLane (Lane and SpecialLane are in unnamed module of loader 'app')> (0x000000071390fd80) 
thrown [s\open\src\hotspot\share\interpreter\interpreterRuntime.cpp, line 455]

VM Operations (7 events):
Event: 0.051 Executing VM operation: HandshakeAllThreads
Event: 0.051 Executing VM operation: HandshakeAllThreads done
Event: 0.083 Executing VM operation: HandshakeAllThreads
Event: 0.083 Executing VM operation: HandshakeAllThreads done
Event: 1.089 Executing VM operation: Cleanup
Event: 1.089 Executing VM operation: Cleanup done
Event: 1.464 Executing VM operation: Exit

Events (19 events):
Event: 0.021 Thread 0x000001b27b6bb830 Thread added: 0x000001b27b6bb830
Event: 0.029 Thread 0x000001b21b71b250 Thread added: 0x000001b21b71b250
Event: 0.029 Thread 0x000001b21b71c050 Thread added: 0x000001b21b71c050
Event: 0.029 Thread 0x000001b21b71d2d0 Thread added: 0x000001b21b71d2d0
Event: 0.029 Thread 0x000001b21b722230 Thread added: 0x000001b21b722230
Event: 0.029 Thread 0x000001b21b722ee0 Thread added: 0x000001b21b722ee0
Event: 0.029 Thread 0x000001b21b72e280 Thread added: 0x000001b21b72e280
Event: 0.029 Thread 0x000001b260920090 Thread added: 0x000001b260920090
Event: 0.029 Thread 0x000001b260920a10 Thread added: 0x000001b260920a10
Event: 0.047 Thread 0x000001b21b6e7740 Thread added: 0x000001b21b6e7740
Event: 0.051 Thread 0x000001b260a10670 Thread added: 0x000001b260a10670
Event: 0.051 Thread 0x000001b260a14c10 Thread added: 0x000001b260a14c10
Event: 0.081 Thread 0x000001b260af2a90 Thread added: 0x000001b260af2a90
Event: 0.081 Thread 0x000001b260bdeba0 Thread added: 0x000001b260bdeba0
Event: 0.489 Thread 0x000001b26a5c42c0 Thread added: 0x000001b26a5c42c0
Event: 0.841 Thread 0x000001b26a5628f0 Thread added: 0x000001b26a5628f0
Event: 0.897 Thread 0x000001b260baaf60 Thread added: 0x000001b260baaf60
Event: 1.024 Thread 0x000001b26a5ff700 Thread added: 0x000001b26a5ff700
Event: 1.245 Thread 0x000001b26a5ff700 Thread exited: 0x000001b26a5ff700


Dynamic libraries:
0x00007ff7e2a10000 - 0x00007ff7e2a1e000 	C:\Users\hadin\.jdks\openjdk-20.0.2\bin\java.exe
0x00007fff698f0000 - 0x00007fff69b04000 	C:\WINDOWS\SYSTEM32\ntdll.dll
0x00007fff68c00000 - 0x00007fff68cc4000 	C:\WINDOWS\System32\KERNEL32.DLL
0x00007fff66d40000 - 0x00007fff670e4000 	C:\WINDOWS\System32\KERNELBASE.dll
0x00007fff67210000 - 0x00007fff67321000 	C:\WINDOWS\System32\ucrtbase.dll
0x00007fff504b0000 - 0x00007fff504cb000 	C:\Users\hadin\.jdks\openjdk-20.0.2\bin\VCRUNTIME140.dll
0x00007fff5ff40000 - 0x00007fff5ff57000 	C:\Users\hadin\.jdks\openjdk-20.0.2\bin\jli.dll
0x00007fff69700000 - 0x00007fff698ae000 	C:\WINDOWS\System32\USER32.dll
0x00007fff670f0000 - 0x00007fff67116000 	C:\WINDOWS\System32\win32u.dll
0x00007fff4b730000 - 0x00007fff4b9c3000 	C:\WINDOWS\WinSxS\amd64_microsoft.windows.common-controls_6595b64144ccf1df_6.0.22621.2215_none_270d72677387dfc3\COMCTL32.dll
0x00007fff67bd0000 - 0x00007fff67bf9000 	C:\WINDOWS\System32\GDI32.dll
0x00007fff69390000 - 0x00007fff69437000 	C:\WINDOWS\System32\msvcrt.dll
0x00007fff67560000 - 0x00007fff67678000 	C:\WINDOWS\System32\gdi32full.dll
0x00007fff66ca0000 - 0x00007fff66d3a000 	C:\WINDOWS\System32\msvcp_win.dll
0x00007fff69690000 - 0x00007fff696c1000 	C:\WINDOWS\System32\IMM32.DLL
0x00007fff61e90000 - 0x00007fff61e9c000 	C:\Users\hadin\.jdks\openjdk-20.0.2\bin\vcruntime140_1.dll
0x00007fff272b0000 - 0x00007fff2733e000 	C:\Users\hadin\.jdks\openjdk-20.0.2\bin\msvcp140.dll
0x00007ffedc8b0000 - 0x00007ffedd548000 	C:\Users\hadin\.jdks\openjdk-20.0.2\bin\server\jvm.dll
0x00007fff69250000 - 0x00007fff69300000 	C:\WINDOWS\System32\ADVAPI32.dll
0x00007fff686c0000 - 0x00007fff68766000 	C:\WINDOWS\System32\sechost.dll
0x00007fff68cd0000 - 0x00007fff68de7000 	C:\WINDOWS\System32\RPCRT4.dll
0x00007fff5e7d0000 - 0x00007fff5e804000 	C:\WINDOWS\SYSTEM32\WINMM.dll
0x00007fff63be0000 - 0x00007fff63be9000 	C:\WINDOWS\SYSTEM32\WSOCK32.dll
0x00007fff5f9b0000 - 0x00007fff5f9ba000 	C:\WINDOWS\SYSTEM32\VERSION.dll
0x00007fff67d10000 - 0x00007fff67d81000 	C:\WINDOWS\System32\WS2_32.dll
0x00007fff65d50000 - 0x00007fff65d68000 	C:\WINDOWS\SYSTEM32\kernel.appcore.dll
0x00007fff61da0000 - 0x00007fff61daa000 	C:\Users\hadin\.jdks\openjdk-20.0.2\bin\jimage.dll
0x00007fff63e70000 - 0x00007fff6409e000 	C:\WINDOWS\SYSTEM32\DBGHELP.DLL
0x00007fff67740000 - 0x00007fff67aca000 	C:\WINDOWS\System32\combase.dll
0x00007fff67af0000 - 0x00007fff67bc7000 	C:\WINDOWS\System32\OLEAUT32.dll
0x00007fff43f30000 - 0x00007fff43f62000 	C:\WINDOWS\SYSTEM32\dbgcore.DLL
0x00007fff67190000 - 0x00007fff6720a000 	C:\WINDOWS\System32\bcryptPrimitives.dll
0x00007fff50450000 - 0x00007fff5045e000 	C:\Users\hadin\.jdks\openjdk-20.0.2\bin\instrument.dll
0x00007fff4d1a0000 - 0x00007fff4d1c6000 	C:\Users\hadin\.jdks\openjdk-20.0.2\bin\java.dll
0x00007fff20f80000 - 0x00007fff21057000 	C:\Users\hadin\.jdks\openjdk-20.0.2\bin\jsvml.dll
0x00007fff67d90000 - 0x00007fff685b3000 	C:\WINDOWS\System32\SHELL32.dll
0x00007fff64be0000 - 0x00007fff654ca000 	C:\WINDOWS\SYSTEM32\windows.storage.dll
0x00007fff64aa0000 - 0x00007fff64bde000 	C:\WINDOWS\SYSTEM32\wintypes.dll
0x00007fff685c0000 - 0x00007fff686b3000 	C:\WINDOWS\System32\SHCORE.dll
0x00007fff676e0000 - 0x00007fff6773e000 	C:\WINDOWS\System32\shlwapi.dll
0x00007fff66bd0000 - 0x00007fff66bf6000 	C:\WINDOWS\SYSTEM32\profapi.dll
0x00007fff4c440000 - 0x00007fff4c458000 	C:\Users\hadin\.jdks\openjdk-20.0.2\bin\zip.dll
0x00007fff4d180000 - 0x00007fff4d193000 	C:\Users\hadin\.jdks\openjdk-20.0.2\bin\net.dll
0x00007fff5f840000 - 0x00007fff5f977000 	C:\WINDOWS\SYSTEM32\WINHTTP.dll
0x00007fff66260000 - 0x00007fff662c9000 	C:\WINDOWS\system32\mswsock.dll
0x00007fff4d160000 - 0x00007fff4d176000 	C:\Users\hadin\.jdks\openjdk-20.0.2\bin\nio.dll
0x00007fff4c190000 - 0x00007fff4c1aa000 	C:\Program Files\JetBrains\IntelliJ IDEA Community Edition 2023.2\bin\breakgen64.dll
0x00007fff4ec40000 - 0x00007fff4ec47000 	C:\Users\hadin\.jdks\openjdk-20.0.2\bin\extnet.dll
0x00007fff20f00000 - 0x00007fff20f75000 	C:\Users\hadin\AppData\Local\Temp\lwjglhadin\3.3.1-build-7\lwjgl.dll
0x00007fff20e90000 - 0x00007fff20ef1000 	C:\Users\hadin\AppData\Local\Temp\lwjglhadin\3.3.1-build-7\glfw.dll
0x00007fff50500000 - 0x00007fff50546000 	C:\WINDOWS\SYSTEM32\dinput8.dll
0x00007fff481c0000 - 0x00007fff481d1000 	C:\WINDOWS\SYSTEM32\xinput1_4.dll
0x00007fff66960000 - 0x00007fff669ae000 	C:\WINDOWS\SYSTEM32\cfgmgr32.dll
0x00007fff669b0000 - 0x00007fff669dc000 	C:\WINDOWS\SYSTEM32\DEVOBJ.dll
0x00007fff64450000 - 0x00007fff6447b000 	C:\WINDOWS\SYSTEM32\dwmapi.dll
0x00007fff485e0000 - 0x00007fff487ea000 	C:\WINDOWS\SYSTEM32\inputhost.dll
0x00007fff63880000 - 0x00007fff639b3000 	C:\WINDOWS\SYSTEM32\CoreMessaging.dll
0x00007fff640a0000 - 0x00007fff6414b000 	C:\WINDOWS\system32\uxtheme.dll
0x00007fff664d0000 - 0x00007fff664dc000 	C:\WINDOWS\SYSTEM32\CRYPTBASE.DLL
0x00007fff11940000 - 0x00007fff11a79000 	C:\ProgramData\A-Volute\A-Volute.Nahimic\Modules\Scheduled\x64\AudioDevProps2.dll
0x00007fff694f0000 - 0x00007fff6968e000 	C:\WINDOWS\System32\ole32.dll
0x00007fff69100000 - 0x00007fff69249000 	C:\WINDOWS\System32\MSCTF.dll
0x00007fff4ab20000 - 0x00007fff4ac20000 	C:\WINDOWS\SYSTEM32\opengl32.dll
0x00007fff4cb60000 - 0x00007fff4cb8d000 	C:\WINDOWS\SYSTEM32\GLU32.dll
0x00007fff642e0000 - 0x00007fff64318000 	C:\WINDOWS\SYSTEM32\dxcore.dll
0x00007fff5fd10000 - 0x00007fff5fd5a000 	C:\WINDOWS\SYSTEM32\directxdatabasehelper.dll
0x00007fff69440000 - 0x00007fff694f0000 	C:\WINDOWS\System32\clbcatq.dll
0x00007ffea2c60000 - 0x00007ffea3ce7000 	C:\WINDOWS\System32\DriverStore\FileRepository\iigd_dch.inf_amd64_357acc06f2c40efb\igxelpicd64.dll
0x00007fff64340000 - 0x00007fff64438000 	C:\WINDOWS\system32\dxgi.dll
0x00007ffeebdf0000 - 0x00007ffeebf2c000 	C:\WINDOWS\System32\DriverStore\FileRepository\iigd_dch.inf_amd64_357acc06f2c40efb\igdml64.dll
0x00007fff588e0000 - 0x00007fff58ce9000 	C:\WINDOWS\System32\DriverStore\FileRepository\iigd_dch.inf_amd64_357acc06f2c40efb\igdgmm64.dll
0x00007fff67120000 - 0x00007fff6718b000 	C:\WINDOWS\System32\WINTRUST.dll
0x00007fff67330000 - 0x00007fff67496000 	C:\WINDOWS\System32\CRYPT32.dll
0x00007fff665e0000 - 0x00007fff665f2000 	C:\WINDOWS\SYSTEM32\MSASN1.dll
0x00007fff51150000 - 0x00007fff557d4000 	C:\WINDOWS\System32\DriverStore\FileRepository\iigd_dch.inf_amd64_357acc06f2c40efb\igc64.dll
0x00007fff65b50000 - 0x00007fff65b9d000 	C:\WINDOWS\SYSTEM32\powrprof.dll
0x00007fff65b10000 - 0x00007fff65b23000 	C:\WINDOWS\SYSTEM32\UMPDC.dll
0x00007fff22100000 - 0x00007fff2215d000 	C:\Users\hadin\AppData\Local\Temp\lwjglhadin\3.3.1-build-7\lwjgl_opengl.dll
0x00007fff45ca0000 - 0x00007fff45de4000 	C:\WINDOWS\SYSTEM32\textinputframework.dll
0x00007fff5f010000 - 0x00007fff5f37c000 	C:\WINDOWS\SYSTEM32\CoreUIComponents.dll
0x00007fff20e00000 - 0x00007fff20e81000 	C:\Users\hadin\AppData\Local\Temp\lwjglhadin\3.3.1-build-7\lwjgl_stb.dll
0x00007fff4c050000 - 0x00007fff4c062000 	C:\Users\hadin\.jdks\openjdk-20.0.2\bin\jsound.dll
0x00007ffeeab60000 - 0x00007ffeeac02000 	C:\WINDOWS\SYSTEM32\DSOUND.dll
0x00007ffeeaaa0000 - 0x00007ffeeab51000 	C:\WINDOWS\SYSTEM32\ResampleDmo.DLL
0x00007fff43f00000 - 0x00007fff43f29000 	C:\WINDOWS\SYSTEM32\winmmbase.dll
0x00007fff489b0000 - 0x00007fff489bb000 	C:\WINDOWS\SYSTEM32\msdmo.dll
0x00007fff58350000 - 0x00007fff583ed000 	C:\WINDOWS\System32\MMDevApi.dll
0x00007fff497a0000 - 0x00007fff4998c000 	C:\WINDOWS\SYSTEM32\AudioSes.dll
0x00007fff20480000 - 0x00007fff204e7000 	C:\ProgramData\A-Volute\A-Volute.Nahimic\Modules\Scheduled\x64\ProductInfo.dll
0x00007fff48240000 - 0x00007fff48283000 	C:\ProgramData\A-Volute\A-Volute.Nahimic\Modules\Scheduled\x64\ASM.Plugin.AudioDevProps2.dll
0x00007fff61760000 - 0x00007fff61861000 	C:\WINDOWS\SYSTEM32\PropSys.dll
0x00007fff475f0000 - 0x00007fff47636000 	C:\WINDOWS\SYSTEM32\wdmaud.drv
0x00007fff3e500000 - 0x00007fff3e509000 	C:\WINDOWS\SYSTEM32\ksuser.dll
0x00007fff5fa60000 - 0x00007fff5fa6b000 	C:\WINDOWS\SYSTEM32\AVRT.dll
0x00007fff4fa60000 - 0x00007fff4fa6e000 	C:\WINDOWS\SYSTEM32\msacm32.drv
0x00007fff50550000 - 0x00007fff5056e000 	C:\WINDOWS\SYSTEM32\MSACM32.dll
0x00007fff4ec50000 - 0x00007fff4ec5b000 	C:\WINDOWS\SYSTEM32\midimap.dll
0x00007fff64790000 - 0x00007fff647a5000 	C:\WINDOWS\SYSTEM32\resourcepolicyclient.dll

dbghelp: loaded successfully - version: 4.0.5 - missing functions: none
symbol engine: initialized successfully - sym options: 0x614 - pdb path: .;C:\Users\hadin\.jdks\openjdk-20.0.2\bin;C:\WINDOWS\SYSTEM32;C:\WINDOWS\WinSxS\amd64_microsoft.windows.common-controls_6595b64144ccf1df_6.0.22621.2215_none_270d72677387dfc3;C:\Users\hadin\.jdks\openjdk-20.0.2\bin\server;C:\Program Files\JetBrains\IntelliJ IDEA Community Edition 2023.2\bin;C:\Users\hadin\AppData\Local\Temp\lwjglhadin\3.3.1-build-7;C:\ProgramData\A-Volute\A-Volute.Nahimic\Modules\Scheduled\x64;C:\WINDOWS\System32\DriverStore\FileRepository\iigd_dch.inf_amd64_357acc06f2c40efb

VM Arguments:
jvm_args: -javaagent:C:\Program Files\JetBrains\IntelliJ IDEA Community Edition 2023.2\lib\idea_rt.jar=52704:C:\Program Files\JetBrains\IntelliJ IDEA Community Edition 2023.2\bin -Dfile.encoding=UTF-8 -Dsun.stdout.encoding=UTF-8 -Dsun.stderr.encoding=UTF-8 
java_command: ShadowDance
java_class_path (initial): C:\Users\hadin\hhandrison-project-2\target\classes;C:\Users\hadin\.m2\repository\org\lwjgl\lwjgl\3.3.1\lwjgl-3.3.1.jar;C:\Users\hadin\.m2\repository\org\lwjgl\lwjgl-assimp\3.3.1\lwjgl-assimp-3.3.1.jar;C:\Users\hadin\.m2\repository\org\lwjgl\lwjgl-glfw\3.3.1\lwjgl-glfw-3.3.1.jar;C:\Users\hadin\.m2\repository\org\lwjgl\lwjgl-openal\3.3.1\lwjgl-openal-3.3.1.jar;C:\Users\hadin\.m2\repository\org\lwjgl\lwjgl-opengl\3.3.1\lwjgl-opengl-3.3.1.jar;C:\Users\hadin\.m2\repository\org\lwjgl\lwjgl-stb\3.3.1\lwjgl-stb-3.3.1.jar;C:\Users\hadin\.m2\repository\org\lwjgl\lwjgl\3.3.1\lwjgl-3.3.1-natives-windows.jar;C:\Users\hadin\.m2\repository\org\lwjgl\lwjgl-assimp\3.3.1\lwjgl-assimp-3.3.1-natives-windows.jar;C:\Users\hadin\.m2\repository\org\lwjgl\lwjgl-glfw\3.3.1\lwjgl-glfw-3.3.1-natives-windows.jar;C:\Users\hadin\.m2\repository\org\lwjgl\lwjgl-openal\3.3.1\lwjgl-openal-3.3.1-natives-windows.jar;C:\Users\hadin\.m2\repository\org\lwjgl\lwjgl-opengl\3.3.1\lwjgl-opengl-3.3.1-natives-windows.jar;C:\Users\hadin\.m2\repository\org\lwjgl\lwjgl-stb\3.3.1\lwjgl-stb-3.3.1-natives-windows.jar;C:\Users\hadin\.m2\repository\io\github\eleanor-em\bagel\1.9.3\bagel-1.9.3.jar
Launcher Type: SUN_STANDARD

[Global flags]
     intx CICompilerCount                          = 12                                        {product} {ergonomic}
     uint ConcGCThreads                            = 3                                         {product} {ergonomic}
     uint G1ConcRefinementThreads                  = 13                                        {product} {ergonomic}
   size_t G1HeapRegionSize                         = 2097152                                   {product} {ergonomic}
    uintx GCDrainStackTargetSize                   = 64                                        {product} {ergonomic}
   size_t InitialHeapSize                          = 264241152                                 {product} {ergonomic}
   size_t MarkStackSize                            = 4194304                                   {product} {ergonomic}
   size_t MaxHeapSize                              = 4217372672                                {product} {ergonomic}
   size_t MaxNewSize                               = 2529165312                                {product} {ergonomic}
   size_t MinHeapDeltaBytes                        = 2097152                                   {product} {ergonomic}
   size_t MinHeapSize                              = 8388608                                   {product} {ergonomic}
    uintx NonNMethodCodeHeapSize                   = 7602480                                {pd product} {ergonomic}
    uintx NonProfiledCodeHeapSize                  = 122027880                              {pd product} {ergonomic}
    uintx ProfiledCodeHeapSize                     = 122027880                              {pd product} {ergonomic}
    uintx ReservedCodeCacheSize                    = 251658240                              {pd product} {ergonomic}
     bool SegmentedCodeCache                       = true                                      {product} {ergonomic}
   size_t SoftMaxHeapSize                          = 4217372672                             {manageable} {ergonomic}
     bool UseCompressedClassPointers               = true                           {product lp64_product} {ergonomic}
     bool UseCompressedOops                        = true                           {product lp64_product} {ergonomic}
     bool UseG1GC                                  = true                                      {product} {ergonomic}
     bool UseLargePagesIndividualAllocation        = false                                  {pd product} {ergonomic}

Logging:
Log output configuration:
 #0: stdout all=off uptime,level,tags foldmultilines=false
 #1: stderr all=off uptime,level,tags foldmultilines=false

Environment Variables:
PATH=C:\Windows\system32;C:\Windows;C:\Windows\System32\Wbem;C:\Windows\System32\WindowsPowerShell\v1.0\;C:\Windows\System32\OpenSSH\;C:\Program Files (x86)\NVIDIA Corporation\PhysX\Common;C:\Program Files\NVIDIA Corporation\NVIDIA NvDLISR;C:\MinGW\bin;C:\Program Files\MATLAB\R2022b\bin;C:\WINDOWS\system32;C:\WINDOWS;C:\WINDOWS\System32\Wbem;C:\WINDOWS\System32\WindowsPowerShell\v1.0\;C:\WINDOWS\System32\OpenSSH\;C:\Program Files\Git\cmd;C:\Users\hadin\AppData\Local\Microsoft\WindowsApps;C:\Users\hadin\AppData\Local\Programs\Microsoft VS Code\bin
USERNAME=hadin
OS=Windows_NT
PROCESSOR_IDENTIFIER=Intel64 Family 6 Model 141 Stepping 1, GenuineIntel
TMP=C:\Users\hadin\AppData\Local\Temp
TEMP=C:\Users\hadin\AppData\Local\Temp




---------------  S Y S T E M  ---------------

OS:
 Windows 11 , 64 bit Build 22621 (10.0.22621.2215)
OS uptime: 3 days 11:04 hours
Hyper-V role detected

CPU: total 16 (initial active 16) (8 cores per cpu, 2 threads per core) family 6 model 141 stepping 1 microcode 0x26, cx8, cmov, fxsr, ht, mmx, 3dnowpref, sse, sse2, sse3, ssse3, sse4.1, sse4.2, popcnt, lzcnt, tsc, tscinvbit, avx, avx2, aes, erms, clmul, bmi1, bmi2, adx, avx512f, avx512dq, avx512cd, avx512bw, avx512vl, sha, fma, vzeroupper, avx512_vpopcntdq, avx512_vpclmulqdq, avx512_vaes, avx512_vnni, clflush, clflushopt, clwb, avx512_vbmi2, avx512_vbmi, hv, rdtscp, rdpid, fsrm, gfni, avx512_bitalg, f16c, cet_ibt, cet_ss, avx512_ifma

Memory: 4k page, system-wide physical 16085M (3956M free)
TotalPageFile size 25813M (AvailPageFile size 3993M)
current process WorkingSet (physical memory assigned to process): 219M, peak: 222M
current process commit charge ("private bytes"): 472M, peak: 472M

vm_info: OpenJDK 64-Bit Server VM (20.0.2+9-78) for windows-amd64 JRE (20.0.2+9-78), built on 2023-06-14T10:08:48Z by "mach5one" with MS VC++ 17.1 (VS2022)

END.
